1:add 	2:del 	3:prnt	4:rprt	5:exit
choice:Appending
last name: first name: id number: classification: grad year: 1:add 	2:del 	3:prnt	4:rprt	5:exit
choice:Appending
last name: first name: id number: classification: grad year: 1:add 	2:del 	3:prnt	4:rprt	5:exit
choice:Appending
last name: first name: id number: classification: grad year: 1:add 	2:del 	3:prnt	4:rprt	5:exit
choice:Appending
last name: first name: id number: classification: grad year: 1:add 	2:del 	3:prnt	4:rprt	5:exit
choice:Appending
last name: first name: id number: classification: grad year: 1:add 	2:del 	3:prnt	4:rprt	5:exit
choice:Appending
last name: first name: id number: classification: grad year: 1:add 	2:del 	3:prnt	4:rprt	5:exit
choice:Appending
last name: first name: id number: classification: grad year: 1:add 	2:del 	3:prnt	4:rprt	5:exit
choice:Appending
last name: first name: id number: classification: grad year: 1:add 	2:del 	3:prnt	4:rprt	5:exit
choice:Appending
last name: first name: id number: classification: grad year: 1:add 	2:del 	3:prnt	4:rprt	5:exit
choice:Printing
poster, first	ID 987234	junior	Graduating in 1973
roosen, andrew	ID 123456	freshman	Graduating in 2024
roosen, melinda	ID 123457	sophomore	Graduating in 2023
guy, wise	ID 103294	junior	Graduating in 2997
taylor, jean	ID 123459	junior	Graduating in 2021
smith, john	ID 923745	senior	Graduating in 2019
taylor, zachary	ID 923459	senior	Graduating in 2027
smith, jesse	ID 923945	freshman	Graduating in 2097
last, very	ID 923439	senior	Graduating in 2020
1:add 	2:del 	3:prnt	4:rprt	5:exit
choice:Reverse printing
last, very	ID 923439	senior	Graduating in 2020
smith, jesse	ID 923945	freshman	Graduating in 2097
taylor, zachary	ID 923459	senior	Graduating in 2027
smith, john	ID 923745	senior	Graduating in 2019
taylor, jean	ID 123459	junior	Graduating in 2021
guy, wise	ID 103294	junior	Graduating in 2997
roosen, melinda	ID 123457	sophomore	Graduating in 2023
roosen, andrew	ID 123456	freshman	Graduating in 2024
poster, first	ID 987234	junior	Graduating in 1973
1:add 	2:del 	3:prnt	4:rprt	5:exit
choice:last name to delete: Deleting: guy
1:add 	2:del 	3:prnt	4:rprt	5:exit
choice:Printing
poster, first	ID 987234	junior	Graduating in 1973
roosen, andrew	ID 123456	freshman	Graduating in 2024
roosen, melinda	ID 123457	sophomore	Graduating in 2023
taylor, jean	ID 123459	junior	Graduating in 2021
smith, john	ID 923745	senior	Graduating in 2019
taylor, zachary	ID 923459	senior	Graduating in 2027
smith, jesse	ID 923945	freshman	Graduating in 2097
last, very	ID 923439	senior	Graduating in 2020
1:add 	2:del 	3:prnt	4:rprt	5:exit
choice:Reverse printing
last, very	ID 923439	senior	Graduating in 2020
smith, jesse	ID 923945	freshman	Graduating in 2097
taylor, zachary	ID 923459	senior	Graduating in 2027
smith, john	ID 923745	senior	Graduating in 2019
taylor, jean	ID 123459	junior	Graduating in 2021
roosen, melinda	ID 123457	sophomore	Graduating in 2023
roosen, andrew	ID 123456	freshman	Graduating in 2024
poster, first	ID 987234	junior	Graduating in 1973
1:add 	2:del 	3:prnt	4:rprt	5:exit
choice:last name to delete: Deleting: last
1:add 	2:del 	3:prnt	4:rprt	5:exit
choice:Printing
poster, first	ID 987234	junior	Graduating in 1973
roosen, andrew	ID 123456	freshman	Graduating in 2024
roosen, melinda	ID 123457	sophomore	Graduating in 2023
taylor, jean	ID 123459	junior	Graduating in 2021
smith, john	ID 923745	senior	Graduating in 2019
taylor, zachary	ID 923459	senior	Graduating in 2027
smith, jesse	ID 923945	freshman	Graduating in 2097
1:add 	2:del 	3:prnt	4:rprt	5:exit
choice:Reverse printing
smith, jesse	ID 923945	freshman	Graduating in 2097
taylor, zachary	ID 923459	senior	Graduating in 2027
smith, john	ID 923745	senior	Graduating in 2019
taylor, jean	ID 123459	junior	Graduating in 2021
roosen, melinda	ID 123457	sophomore	Graduating in 2023
roosen, andrew	ID 123456	freshman	Graduating in 2024
poster, first	ID 987234	junior	Graduating in 1973
1:add 	2:del 	3:prnt	4:rprt	5:exit
choice:last name to delete: Deleting: poster
1:add 	2:del 	3:prnt	4:rprt	5:exit
choice:Printing
roosen, andrew	ID 123456	freshman	Graduating in 2024
roosen, melinda	ID 123457	sophomore	Graduating in 2023
taylor, jean	ID 123459	junior	Graduating in 2021
smith, john	ID 923745	senior	Graduating in 2019
taylor, zachary	ID 923459	senior	Graduating in 2027
smith, jesse	ID 923945	freshman	Graduating in 2097
1:add 	2:del 	3:prnt	4:rprt	5:exit
choice:Reverse printing
smith, jesse	ID 923945	freshman	Graduating in 2097
taylor, zachary	ID 923459	senior	Graduating in 2027
smith, john	ID 923745	senior	Graduating in 2019
taylor, jean	ID 123459	junior	Graduating in 2021
roosen, melinda	ID 123457	sophomore	Graduating in 2023
roosen, andrew	ID 123456	freshman	Graduating in 2024
1:add 	2:del 	3:prnt	4:rprt	5:exit
choice:last name to delete: Deleting: roosen
1:add 	2:del 	3:prnt	4:rprt	5:exit
choice:Printing
taylor, jean	ID 123459	junior	Graduating in 2021
smith, john	ID 923745	senior	Graduating in 2019
taylor, zachary	ID 923459	senior	Graduating in 2027
smith, jesse	ID 923945	freshman	Graduating in 2097
1:add 	2:del 	3:prnt	4:rprt	5:exit
choice:Reverse printing
smith, jesse	ID 923945	freshman	Graduating in 2097
taylor, zachary	ID 923459	senior	Graduating in 2027
smith, john	ID 923745	senior	Graduating in 2019
taylor, jean	ID 123459	junior	Graduating in 2021
1:add 	2:del 	3:prnt	4:rprt	5:exit
choice:last name to delete: Deleting: smith
1:add 	2:del 	3:prnt	4:rprt	5:exit
choice:Printing
taylor, jean	ID 123459	junior	Graduating in 2021
taylor, zachary	ID 923459	senior	Graduating in 2027
1:add 	2:del 	3:prnt	4:rprt	5:exit
choice:Reverse printing
taylor, zachary	ID 923459	senior	Graduating in 2027
taylor, jean	ID 123459	junior	Graduating in 2021
1:add 	2:del 	3:prnt	4:rprt	5:exit
choice:last name to delete: Deleting: taylor
1:add 	2:del 	3:prnt	4:rprt	5:exit
choice:Printing
1:add 	2:del 	3:prnt	4:rprt	5:exit
choice:Reverse printing
1:add 	2:del 	3:prnt	4:rprt	5:exit
choice:Exiting
